Microchip MPLAB XC8 Compiler V2.10 ()

Linker command line:

-W-3 --edf=C:\Program Files (x86)\Microchip\xc8\v2.10\pic\dat\en_msgs.txt \
  -cs -h+dist/default/production\STL.X.production.sym \
  --cmf=dist/default/production\STL.X.production.cmf -z -Q18F4550 \
  -oC:\Users\USER\AppData\Local\Temp\s15o.2 --defsym=__MPLAB_BUILD=1 \
  -Mdist/default/production/STL.X.production.map -E1 -ver=XC8 --acfsm=1493 \
  -ASTACK=060h-07FFh -pstack=STACK -ACODE=00h-07FFFh -ACONST=00h-07FFFh \
  -ASMALLCONST=0800h-08FFhx120 -AMEDIUMCONST=0800h-07FFFh -ACOMRAM=01h-05Fh \
  -AABS1=00h-07FFh -ABIGRAM=01h-07FFh -ARAM=060h-0FFh,0100h-01FFhx7 \
  -ABANK0=060h-0FFh -ABANK1=0100h-01FFh -ABANK2=0200h-02FFh \
  -ABANK3=0300h-03FFh -ABANK4=0400h-04FFh -ABANK5=0500h-05FFh \
  -ABANK6=0600h-06FFh -ABANK7=0700h-07FFh -ASFR=0F60h-0FFFh \
  -preset_vec=00h,intcode,intcodelo,powerup,init -pramtop=0800h \
  -psmallconst=SMALLCONST -pmediumconst=MEDIUMCONST -pconst=CONST \
  -AFARRAM=00h-00h -ACONFIG=0300000h-030000Dh -pconfig=CONFIG \
  -AIDLOC=0200000h-0200007h -pidloc=IDLOC -AEEDATA=0F00000h-0F000FFh \
  -peeprom_data=EEDATA \
  -prdata=COMRAM,nvrram=COMRAM,nvbit=COMRAM,rbss=COMRAM,rbit=COMRAM \
  -pfarbss=FARRAM,fardata=FARRAM,nvFARRAM=FARRAM \
  -pintsave_regs=BIGRAM,bigbss=BIGRAM,bigdata=BIGRAM -pbss=RAM \
  -pidata=CODE,irdata=CODE,ibigdata=CODE,ifardata=CODE -prparam=COMRAM \
  C:\Users\USER\AppData\Local\Temp\s15o.o \
  dist/default/production\STL.X.production.o 

Object code version is 3.11

Machine type is 18F4550

Call graph: (short form)




                Name                               Link     Load   Length Selector   Space Scale
C:\Users\USER\AppData\Local\Temp\s15o.o
                init                                  0        0        4        0       0
                idloc                            200000   200000        8   200000       0
                config                           300000   300000        E   300000       0
dist/default/production\STL.X.production.o
                smallconst                          800      800       30      400       0
                text13                              E30      E30       DE      418       0
                text12                             12C8     12C8        8      95A       0
                text11                             10B2     10B2       9C      418       0
                text10                              C20      C20      10C      418       0
                text9                              11BE     11BE       70      418       0
                text8                              114E     114E       70      418       0
                text7                               F0E      F0E       D6      418       0
                text6                              122E     122E       3E      418       0
                text5                               830      830      21E      418       0
                text4                               D2C      D2C      104      418       0
                text3                              12C0     12C0        8      95A       0
                text2                               A4E      A4E      1D2      418       0
                text1                              12B4     12B4        C      95A       0
                text0                               FE4      FE4       CE      418       0
                cstackCOMRAM                          1        1       21        1       1
                dataCOMRAM                           37       37       11        1       1
                bssCOMRAM                            22       22       15        1       1
                cinit                              126C     126C       36      418       0
                idataCOMRAM                        12A2     12A2       11      418       0

TOTAL           Name                               Link     Load   Length     Space
        CLASS   STACK          

        CLASS   CODE           
                init                                  0        0        4         0
                text13                              E30      E30       DE         0
                text12                             12C8     12C8        8         0
                text11                             10B2     10B2       9C         0
                text10                              C20      C20      10C         0
                text9                              11BE     11BE       70         0
                text8                              114E     114E       70         0
                text7                               F0E      F0E       D6         0
                text6                              122E     122E       3E         0
                text5                               830      830      21E         0
                text4                               D2C      D2C      104         0
                text3                              12C0     12C0        8         0
                text2                               A4E      A4E      1D2         0
                text1                              12B4     12B4        C         0
                text0                               FE4      FE4       CE         0
                cinit                              126C     126C       36         0
                idataCOMRAM                        12A2     12A2       11         0

        CLASS   CONST          

        CLASS   SMALLCONST     
                smallconst                          800      800       30         0

        CLASS   MEDIUMCONST    

        CLASS   COMRAM         
                cstackCOMRAM                          1        1       21         1
                dataCOMRAM                           37       37       11         1
                bssCOMRAM                            22       22       15         1

        CLASS   ABS1           

        CLASS   BIGRAM         

        CLASS   RAM            

        CLASS   BANK0          

        CLASS   BANK1          

        CLASS   BANK2          

        CLASS   BANK3          

        CLASS   BANK4          

        CLASS   BANK5          

        CLASS   BANK6          

        CLASS   BANK7          

        CLASS   SFR            

        CLASS   FARRAM         

        CLASS   CONFIG         
                config                           300000   300000        E         0

        CLASS   IDLOC          
                idloc                            200000   200000        8         0

        CLASS   EEDATA         



SEGMENTS        Name                           Load    Length   Top    Selector   Space  Class

                reset_vec                      000000  000004  000004         0       0  CODE    
                cstackCOMRAM                   000001  000047  000048         1       1  COMRAM  
                smallconst                     000800  000030  000830       400       0  SMALLCON
                text5                          000830  000A83  0012B3       418       0  CODE    
                text1                          0012B4  00001C  0012D0       95A       0  CODE    
                idloc                          200000  000008  200008    200000       0  IDLOC   
                config                         300000  00000E  30000E    300000       0  CONFIG  


UNUSED ADDRESS RANGES

        Name                Unused          Largest block    Delta
        BANK0            000060-0000FF               A0
        BANK1            000100-0001FF              100
        BANK2            000200-0002FF              100
        BANK3            000300-0003FF              100
        BANK4            000400-0004FF              100
        BANK5            000500-0005FF              100
        BANK6            000600-0006FF              100
        BANK7            000700-0007FF              100
        BIGRAM           000048-0007FF              7B8
        CODE             000004-0007FF              7FC
                         0012B3-0012B3                1
                         0012D0-007FFF             6D30
        COMRAM           000048-00005F               18
        CONST            000004-0007FF              7FC
                         0012B3-0012B3                1
                         0012D0-007FFF             6D30
        EEDATA           F00000-F000FF              100
        MEDIUMCONST      0012B3-0012B3                1
                         0012D0-007FFF             6D30
        RAM              000060-0007FF              100
        SFR              000F60-000FFF               A0
        SMALLCONST       0012B3-0012B3                1
                         0012D0-007FFF              100
        STACK            000060-0007FF              7A0

                                  Symbol Table

?___aldiv                cstackCOMRAM 000001
LCD_command@cmd          cstackCOMRAM 000001
LCD_gotoxy@DDRAMAddr     cstackCOMRAM 000005
LCD_gotoxy@x             cstackCOMRAM 000006
LCD_gotoxy@y             cstackCOMRAM 000002
LCD_putc@ch              cstackCOMRAM 000001
LCD_puts@data            cstackCOMRAM 000002
LCD_puts@i               cstackCOMRAM 000007
LCD_puts@nBytes          cstackCOMRAM 000004
USART_Init@BAUD          cstackCOMRAM 00000F
USART_Tx@data            cstackCOMRAM 000001
_ADCON1                  (abs)        000FC1
_DEC                     bssCOMRAM    000030
_INTCON2bits             (abs)        000FF1
_INTCONbits              (abs)        000FF2
_K                       bssCOMRAM    000033
_LATB                    (abs)        000F8A
_LATDbits                (abs)        000F8C
_LCD_clear               text12       0012C8
_LCD_command             text13       000E30
_LCD_gotoxy              text8        00114E
_LCD_init                text11       0010B2
_LCD_putc                text7        000F0E
_LCD_puts                text6        00122E
_OSCCONbits              (abs)        000FD3
_PIE1bits                (abs)        000F9D
_PORTB                   (abs)        000F81
_PORTC                   (abs)        000F82
_RCREG                   (abs)        000FAE
_RCSTAbits               (abs)        000FAB
_SPBRG                   (abs)        000FAF
_TECLADO                 text4        000D2C
_TRISB                   (abs)        000F93
_TRISC                   (abs)        000F94
_TRISCbits               (abs)        000F94
_TRISD                   (abs)        000F95
_TRISDbits               (abs)        000F95
_TXREG                   (abs)        000FAD
_TXSTAbits               (abs)        000FAC
_UNI                     bssCOMRAM    00002F
_USART_Init              text9        0011BE
_USART_Init$1205         cstackCOMRAM 000013
_USART_Tx                text3        0012C0
_VAL                     bssCOMRAM    00002E
__CFG_BOR$ON             (abs)        000000
__CFG_BORV$3             (abs)        000000
__CFG_CCP2MX$ON          (abs)        000000
__CFG_CP0$OFF            (abs)        000000
__CFG_CP1$OFF            (abs)        000000
__CFG_CP2$OFF            (abs)        000000
__CFG_CP3$OFF            (abs)        000000
__CFG_CPB$OFF            (abs)        000000
__CFG_CPD$OFF            (abs)        000000
__CFG_CPUDIV$OSC1_PLL2   (abs)        000000
__CFG_EBTR0$OFF          (abs)        000000
__CFG_EBTR1$OFF          (abs)        000000
__CFG_EBTR2$OFF          (abs)        000000
__CFG_EBTR3$OFF          (abs)        000000
__CFG_EBTRB$OFF          (abs)        000000
__CFG_FCMEN$OFF          (abs)        000000
__CFG_FOSC$HS            (abs)        000000
__CFG_ICPRT$OFF          (abs)        000000
__CFG_IESO$OFF           (abs)        000000
__CFG_LPT1OSC$OFF        (abs)        000000
__CFG_LVP$OFF            (abs)        000000
__CFG_MCLRE$ON           (abs)        000000
__CFG_PBADEN$OFF         (abs)        000000
__CFG_PLLDIV$1           (abs)        000000
__CFG_PWRT$OFF           (abs)        000000
__CFG_STVREN$ON          (abs)        000000
__CFG_USBDIV$1           (abs)        000000
__CFG_VREGEN$OFF         (abs)        000000
__CFG_WDT$OFF            (abs)        000000
__CFG_WDTPS$32768        (abs)        000000
__CFG_WRT0$OFF           (abs)        000000
__CFG_WRT1$OFF           (abs)        000000
__CFG_WRT2$OFF           (abs)        000000
__CFG_WRT3$OFF           (abs)        000000
__CFG_WRTB$OFF           (abs)        000000
__CFG_WRTC$OFF           (abs)        000000
__CFG_WRTD$OFF           (abs)        000000
__CFG_XINST$OFF          (abs)        000000
__HRAM                   (abs)        000000
__Habs1                  abs1         000000
__Hbank0                 bank0        000000
__Hbank1                 bank1        000000
__Hbank2                 bank2        000000
__Hbank3                 bank3        000000
__Hbank4                 bank4        000000
__Hbank5                 bank5        000000
__Hbank6                 bank6        000000
__Hbank7                 bank7        000000
__Hbigbss                bigbss       000000
__Hbigdata               bigdata      000000
__Hbigram                bigram       000000
__Hbss                   bss          000000
__HbssCOMRAM             bssCOMRAM    000000
__Hcinit                 cinit        000000
__Hclrtext               clrtext      000000
__Hcomram                comram       000000
__Hconfig                config       30000E
__Hconst                 const        000000
__HcstackCOMRAM          cstackCOMRAM 000000
__Hdata                  data         000000
__HdataCOMRAM            dataCOMRAM   000000
__Heeprom_data           eeprom_data  000000
__Hfarbss                farbss       000000
__Hfardata               fardata      000000
__Hibigdata              ibigdata     000000
__Hidata                 idata        000000
__HidataCOMRAM           idataCOMRAM  000000
__Hidloc                 idloc        200008
__Hifardata              ifardata     000000
__Hinit                  init         000004
__Hintcode               intcode      000000
__Hintcode_body          intcode_body 000000
__Hintcodelo             intcodelo    000000
__Hintentry              intentry     000000
__Hintret                intret       000000
__Hintsave_regs          intsave_regs 000000
__Hirdata                irdata       000000
__Hmediumconst           mediumconst  000000
__HnvFARRAM              nvFARRAM     000000
__Hnvbit                 nvbit        000000
__Hnvrram                nvrram       000000
__Hparam                 rparam       000000
__Hpowerup               powerup      000000
__Hram                   ram          000000
__Hramtop                ramtop       000800
__Hrbit                  rbit         000000
__Hrbss                  rbss         000000
__Hrdata                 rdata        000000
__Hreset_vec             reset_vec    000000
__Hrparam                rparam       000000
__Hsfr                   sfr          000000
__Hsmallconst            smallconst   000830
__Hspace_0               (abs)        30000E
__Hspace_1               (abs)        000048
__Hspace_2               (abs)        000000
__Hstack                 stack        000000
__Hstruct                struct       000000
__Htemp                  temp         000000
__Htext                  text         000000
__Htext0                 text0        000000
__Htext1                 text1        000000
__Htext10                text10       000000
__Htext11                text11       000000
__Htext12                text12       000000
__Htext13                text13       000000
__Htext2                 text2        000000
__Htext3                 text3        000000
__Htext4                 text4        000000
__Htext5                 text5        000000
__Htext6                 text6        000000
__Htext7                 text7        000000
__Htext8                 text8        000000
__Htext9                 text9        000000
__LRAM                   (abs)        000001
__Labs1                  abs1         000000
__Lbank0                 bank0        000000
__Lbank1                 bank1        000000
__Lbank2                 bank2        000000
__Lbank3                 bank3        000000
__Lbank4                 bank4        000000
__Lbank5                 bank5        000000
__Lbank6                 bank6        000000
__Lbank7                 bank7        000000
__Lbigbss                bigbss       000000
__Lbigdata               bigdata      000000
__Lbigram                bigram       000000
__Lbss                   bss          000000
__LbssCOMRAM             bssCOMRAM    000000
__Lcinit                 cinit        000000
__Lclrtext               clrtext      000000
__Lcomram                comram       000000
__Lconfig                config       300000
__Lconst                 const        000000
__LcstackCOMRAM          cstackCOMRAM 000000
__Ldata                  data         000000
__LdataCOMRAM            dataCOMRAM   000000
__Leeprom_data           eeprom_data  000000
__Lfarbss                farbss       000000
__Lfardata               fardata      000000
__Libigdata              ibigdata     000000
__Lidata                 idata        000000
__LidataCOMRAM           idataCOMRAM  000000
__Lidloc                 idloc        200000
__Lifardata              ifardata     000000
__Linit                  init         000000
__Lintcode               intcode      000000
__Lintcode_body          intcode_body 000000
__Lintcodelo             intcodelo    000000
__Lintentry              intentry     000000
__Lintret                intret       000000
__Lintsave_regs          intsave_regs 000000
__Lirdata                irdata       000000
__Lmediumconst           mediumconst  000000
__LnvFARRAM              nvFARRAM     000000
__Lnvbit                 nvbit        000000
__Lnvrram                nvrram       000000
__Lparam                 rparam       000000
__Lpowerup               powerup      000000
__Lram                   ram          000000
__Lramtop                ramtop       000800
__Lrbit                  rbit         000000
__Lrbss                  rbss         000000
__Lrdata                 rdata        000000
__Lreset_vec             reset_vec    000000
__Lrparam                rparam       000000
__Lsfr                   sfr          000000
__Lsmallconst            smallconst   000800
__Lspace_0               (abs)        000000
__Lspace_1               (abs)        000000
__Lspace_2               (abs)        000000
__Lstack                 stack        000000
__Lstruct                struct       000000
__Ltemp                  temp         000000
__Ltext                  text         000000
__Ltext0                 text0        000000
__Ltext1                 text1        000000
__Ltext10                text10       000000
__Ltext11                text11       000000
__Ltext12                text12       000000
__Ltext13                text13       000000
__Ltext2                 text2        000000
__Ltext3                 text3        000000
__Ltext4                 text4        000000
__Ltext5                 text5        000000
__Ltext6                 text6        000000
__Ltext7                 text7        000000
__Ltext8                 text8        000000
__Ltext9                 text9        000000
__S0                     (abs)        30000E
__S1                     (abs)        000048
__S2                     (abs)        000000
___aldiv                 text10       000C20
___aldiv@counter         cstackCOMRAM 000009
___aldiv@dividend        cstackCOMRAM 000001
___aldiv@divisor         cstackCOMRAM 000005
___aldiv@quotient        cstackCOMRAM 00000B
___aldiv@sign            cstackCOMRAM 00000A
___inthi_sp              stack        000000
___intlo_sp              stack        000000
___param_bank            (abs)        000000
___rparam_used           (abs)        000001
___sp                    stack        000000
__accesstop              (abs)        000060
__activetblptr           (abs)        000002
__end_of_LCD_clear       text12       0012D0
__end_of_LCD_command     text13       000F0E
__end_of_LCD_gotoxy      text8        0011BE
__end_of_LCD_init        text11       00114E
__end_of_LCD_putc        text7        000FE4
__end_of_LCD_puts        text6        00126C
__end_of_TECLADO         text4        000E30
__end_of_USART_Init      text9        00122E
__end_of_USART_Tx        text3        0012C8
__end_of___aldiv         text10       000D2C
__end_of__initialization cinit        001298
__end_of_main            text0        0010B2
__end_of_read_time       text2        000C20
__end_of_teclado_getc    text5        000A4E
__end_of_teclado_init    text1        0012C0
__initialization         cinit        00126C
__mediumconst            mediumconst  000000
__pbssCOMRAM             bssCOMRAM    000022
__pcinit                 cinit        00126C
__pcstackCOMRAM          cstackCOMRAM 000001
__pdataCOMRAM            dataCOMRAM   000037
__pidataCOMRAM           idataCOMRAM  0012A2
__psmallconst            smallconst   000800
__ptext0                 text0        000FE4
__ptext1                 text1        0012B4
__ptext10                text10       000C20
__ptext11                text11       0010B2
__ptext12                text12       0012C8
__ptext13                text13       000E30
__ptext2                 text2        000A4E
__ptext3                 text3        0012C0
__ptext4                 text4        000D2C
__ptext5                 text5        000830
__ptext6                 text6        00122E
__ptext7                 text7        000F0E
__ptext8                 text8        00114E
__ptext9                 text9        0011BE
__ramtop                 ramtop       000800
__size_of_LCD_clear      (abs)        000000
__size_of_LCD_command    (abs)        000000
__size_of_LCD_gotoxy     (abs)        000000
__size_of_LCD_init       (abs)        000000
__size_of_LCD_putc       (abs)        000000
__size_of_LCD_puts       (abs)        000000
__size_of_TECLADO        (abs)        000000
__size_of_USART_Init     (abs)        000000
__size_of_USART_Tx       (abs)        000000
__size_of___aldiv        (abs)        000000
__size_of_main           (abs)        000000
__size_of_read_time      (abs)        000000
__size_of_teclado_getc   (abs)        000000
__size_of_teclado_init   (abs)        000000
__smallconst             smallconst   000800
_i                       bssCOMRAM    000032
_item                    bssCOMRAM    000022
_main                    text0        000FE4
_numero                  bssCOMRAM    00002C
_pos                     dataCOMRAM   000047
_read                    bssCOMRAM    000031
_read_time               text2        000A4E
_teclado_getc            text5        000830
_teclado_init            text1        0012B4
_time                    bssCOMRAM    000034
end_of_initialization    cinit        001298
intlevel0                text         000000
intlevel1                text         000000
intlevel2                text         000000
intlevel3                text         000000
read_time@d              cstackCOMRAM 000016
read_time@num            cstackCOMRAM 00001E
read_time@u              cstackCOMRAM 00001A
stackhi                  (abs)        0007FF
stacklo                  (abs)        000060
start                    init         000000
start_initialization     cinit        00126C
teclado_getc@F3164       dataCOMRAM   000037
teclado_getc@i           cstackCOMRAM 000012
teclado_getc@letras      cstackCOMRAM 000001
teclado_getc@valor       cstackCOMRAM 000011


FUNCTION INFORMATION:

 *************** function _main *****************
 Defined at:
		line 154 in file "main.c"
 Parameters:    Size  Location     Type
		None
 Auto vars:     Size  Location     Type
		None
 Return value:  Size  Location     Type
                  1    wreg      void 
 Registers used:
		wreg, fsr1l, fsr1h, fsr2l, fsr2h, status,2, status,0, tblptrl, tblptrh, tblptru, prodl, prodh, cstack
 Tracked objects:
		On entry : 
		On exit  : 
		Unchanged: 
 Data sizes:     COMRAM   BANK0   BANK1   BANK2   BANK3   BANK4   BANK5   BANK6   BANK7
      Params:         0       0       0       0       0       0       0       0       0
      Locals:         0       0       0       0       0       0       0       0       0
      Temps:          0       0       0       0       0       0       0       0       0
      Totals:         0       0       0       0       0       0       0       0       0
Total ram usage:        0 bytes
 Hardware stack levels required when called:    3
 This function calls:
		_LCD_clear
		_LCD_gotoxy
		_LCD_init
		_LCD_puts
		_TECLADO
		_USART_Init
		_read_time
		_teclado_init
 This function is called by:
		Startup code after reset
 This function uses a non-reentrant model


 *************** function _teclado_init *****************
 Defined at:
		line 12 in file "teclado.c"
 Parameters:    Size  Location     Type
		None
 Auto vars:     Size  Location     Type
		None
 Return value:  Size  Location     Type
                  1    wreg      void 
 Registers used:
		wreg, status,2, status,0
 Tracked objects:
		On entry : 
		On exit  : 
		Unchanged: 
 Data sizes:     COMRAM   BANK0   BANK1   BANK2   BANK3   BANK4   BANK5   BANK6   BANK7
      Params:         0       0       0       0       0       0       0       0       0
      Locals:         0       0       0       0       0       0       0       0       0
      Temps:          0       0       0       0       0       0       0       0       0
      Totals:         0       0       0       0       0       0       0       0       0
Total ram usage:        0 bytes
 Hardware stack levels used:    1
 This function calls:
		Nothing
 This function is called by:
		_main
 This function uses a non-reentrant model


 *************** function _read_time *****************
 Defined at:
		line 62 in file "main.c"
 Parameters:    Size  Location     Type
		None
 Auto vars:     Size  Location     Type
  num             4   29[COMRAM] long 
  u               4   25[COMRAM] long 
  d               4   21[COMRAM] long 
 Return value:  Size  Location     Type
                  1    wreg      void 
 Registers used:
		wreg, fsr1l, fsr1h, fsr2l, fsr2h, status,2, status,0, tblptrl, tblptrh, tblptru, prodl, prodh, cstack
 Tracked objects:
		On entry : 
		On exit  : 
		Unchanged: 
 Data sizes:     COMRAM   BANK0   BANK1   BANK2   BANK3   BANK4   BANK5   BANK6   BANK7
      Params:         0       0       0       0       0       0       0       0       0
      Locals:        12       0       0       0       0       0       0       0       0
      Temps:          2       0       0       0       0       0       0       0       0
      Totals:        14       0       0       0       0       0       0       0       0
Total ram usage:       14 bytes
 Hardware stack levels used:    1
 Hardware stack levels required when called:    2
 This function calls:
		_LCD_clear
		_LCD_gotoxy
		_LCD_putc
		_LCD_puts
		_TECLADO
		_USART_Tx
 This function is called by:
		_main
 This function uses a non-reentrant model


 *************** function _USART_Tx *****************
 Defined at:
		line 48 in file "USART_libreria.c"
 Parameters:    Size  Location     Type
  data            1    wreg     unsigned char 
 Auto vars:     Size  Location     Type
  data            1    0[COMRAM] unsigned char 
 Return value:  Size  Location     Type
                  1    wreg      void 
 Registers used:
		wreg
 Tracked objects:
		On entry : 
		On exit  : 
		Unchanged: 
 Data sizes:     COMRAM   BANK0   BANK1   BANK2   BANK3   BANK4   BANK5   BANK6   BANK7
      Params:         0       0       0       0       0       0       0       0       0
      Locals:         1       0       0       0       0       0       0       0       0
      Temps:          0       0       0       0       0       0       0       0       0
      Totals:         1       0       0       0       0       0       0       0       0
Total ram usage:        1 bytes
 Hardware stack levels used:    1
 This function calls:
		Nothing
 This function is called by:
		_read_time
		_USART_Cadena
 This function uses a non-reentrant model


 *************** function _TECLADO *****************
 Defined at:
		line 29 in file "main.c"
 Parameters:    Size  Location     Type
		None
 Auto vars:     Size  Location     Type
		None
 Return value:  Size  Location     Type
                  1    wreg      void 
 Registers used:
		wreg, fsr1l, fsr1h, fsr2l, fsr2h, status,2, status,0, cstack
 Tracked objects:
		On entry : 
		On exit  : 
		Unchanged: 
 Data sizes:     COMRAM   BANK0   BANK1   BANK2   BANK3   BANK4   BANK5   BANK6   BANK7
      Params:         0       0       0       0       0       0       0       0       0
      Locals:         0       0       0       0       0       0       0       0       0
      Temps:          0       0       0       0       0       0       0       0       0
      Totals:         0       0       0       0       0       0       0       0       0
Total ram usage:        0 bytes
 Hardware stack levels used:    1
 Hardware stack levels required when called:    1
 This function calls:
		_teclado_getc
 This function is called by:
		_read_time
		_main
 This function uses a non-reentrant model


 *************** function _teclado_getc *****************
 Defined at:
		line 19 in file "teclado.c"
 Parameters:    Size  Location     Type
		None
 Auto vars:     Size  Location     Type
  letras         16    0[COMRAM] unsigned char [4][4]
  i               2   17[COMRAM] int 
  valor           1   16[COMRAM] unsigned char 
 Return value:  Size  Location     Type
                  1    wreg      unsigned char 
 Registers used:
		wreg, fsr1l, fsr1h, fsr2l, fsr2h, status,2, status,0
 Tracked objects:
		On entry : 
		On exit  : 
		Unchanged: 
 Data sizes:     COMRAM   BANK0   BANK1   BANK2   BANK3   BANK4   BANK5   BANK6   BANK7
      Params:         0       0       0       0       0       0       0       0       0
      Locals:        19       0       0       0       0       0       0       0       0
      Temps:          0       0       0       0       0       0       0       0       0
      Totals:        19       0       0       0       0       0       0       0       0
Total ram usage:       19 bytes
 Hardware stack levels used:    1
 This function calls:
		Nothing
 This function is called by:
		_TECLADO
 This function uses a non-reentrant model


 *************** function _LCD_puts *****************
 Defined at:
		line 164 in file "lcd.c"
 Parameters:    Size  Location     Type
  data            2    1[COMRAM] PTR unsigned char 
		 -> STR_5(9), STR_4(5), STR_3(15), STR_2(11), 
		 -> STR_1(6), 
  nBytes          1    3[COMRAM] unsigned char 
 Auto vars:     Size  Location     Type
  i               1    6[COMRAM] unsigned char 
 Return value:  Size  Location     Type
                  1    wreg      void 
 Registers used:
		wreg, status,2, status,0, tblptrl, tblptrh, tblptru, cstack
 Tracked objects:
		On entry : 
		On exit  : 
		Unchanged: 
 Data sizes:     COMRAM   BANK0   BANK1   BANK2   BANK3   BANK4   BANK5   BANK6   BANK7
      Params:         3       0       0       0       0       0       0       0       0
      Locals:         1       0       0       0       0       0       0       0       0
      Temps:          2       0       0       0       0       0       0       0       0
      Totals:         6       0       0       0       0       0       0       0       0
Total ram usage:        6 bytes
 Hardware stack levels used:    1
 Hardware stack levels required when called:    1
 This function calls:
		_LCD_putc
 This function is called by:
		_read_time
		_main
 This function uses a non-reentrant model


 *************** function _LCD_putc *****************
 Defined at:
		line 11 in file "lcd.c"
 Parameters:    Size  Location     Type
  ch              1    wreg     unsigned char 
 Auto vars:     Size  Location     Type
  ch              1    0[COMRAM] unsigned char 
 Return value:  Size  Location     Type
                  1    wreg      void 
 Registers used:
		wreg, status,2, cstack
 Tracked objects:
		On entry : 
		On exit  : 
		Unchanged: 
 Data sizes:     COMRAM   BANK0   BANK1   BANK2   BANK3   BANK4   BANK5   BANK6   BANK7
      Params:         0       0       0       0       0       0       0       0       0
      Locals:         1       0       0       0       0       0       0       0       0
      Temps:          0       0       0       0       0       0       0       0       0
      Totals:         1       0       0       0       0       0       0       0       0
Total ram usage:        1 bytes
 Hardware stack levels used:    1
 This function calls:
		Nothing
 This function is called by:
		_LCD_puts
		_read_time
		_LCD_definechar
 This function uses a non-reentrant model


 *************** function _LCD_gotoxy *****************
 Defined at:
		line 172 in file "lcd.c"
 Parameters:    Size  Location     Type
  x               1    wreg     unsigned char 
  y               1    1[COMRAM] unsigned char 
 Auto vars:     Size  Location     Type
  x               1    5[COMRAM] unsigned char 
  DDRAMAddr       1    4[COMRAM] unsigned char 
 Return value:  Size  Location     Type
                  1    wreg      void 
 Registers used:
		wreg, status,2, status,0, cstack
 Tracked objects:
		On entry : 
		On exit  : 
		Unchanged: 
 Data sizes:     COMRAM   BANK0   BANK1   BANK2   BANK3   BANK4   BANK5   BANK6   BANK7
      Params:         1       0       0       0       0       0       0       0       0
      Locals:         2       0       0       0       0       0       0       0       0
      Temps:          2       0       0       0       0       0       0       0       0
      Totals:         5       0       0       0       0       0       0       0       0
Total ram usage:        5 bytes
 Hardware stack levels used:    1
 Hardware stack levels required when called:    1
 This function calls:
		_LCD_command
 This function is called by:
		_read_time
		_main
 This function uses a non-reentrant model


 *************** function _USART_Init *****************
 Defined at:
		line 26 in file "USART_libreria.c"
 Parameters:    Size  Location     Type
  BAUD            4   14[COMRAM] long 
 Auto vars:     Size  Location     Type
		None
 Return value:  Size  Location     Type
                  1    wreg      void 
 Registers used:
		wreg, status,2, status,0, cstack
 Tracked objects:
		On entry : 
		On exit  : 
		Unchanged: 
 Data sizes:     COMRAM   BANK0   BANK1   BANK2   BANK3   BANK4   BANK5   BANK6   BANK7
      Params:         4       0       0       0       0       0       0       0       0
      Locals:         4       0       0       0       0       0       0       0       0
      Temps:          0       0       0       0       0       0       0       0       0
      Totals:         8       0       0       0       0       0       0       0       0
Total ram usage:        8 bytes
 Hardware stack levels used:    1
 Hardware stack levels required when called:    1
 This function calls:
		___aldiv
 This function is called by:
		_main
 This function uses a non-reentrant model


 *************** function ___aldiv *****************
 Defined at:
		line 7 in file "C:\Program Files (x86)\Microchip\xc8\v2.10\pic\sources\c99\common\aldiv.c"
 Parameters:    Size  Location     Type
  dividend        4    0[COMRAM] long 
  divisor         4    4[COMRAM] long 
 Auto vars:     Size  Location     Type
  quotient        4   10[COMRAM] long 
  sign            1    9[COMRAM] unsigned char 
  counter         1    8[COMRAM] unsigned char 
 Return value:  Size  Location     Type
                  4    0[COMRAM] long 
 Registers used:
		wreg, status,2, status,0
 Tracked objects:
		On entry : 
		On exit  : 
		Unchanged: 
 Data sizes:     COMRAM   BANK0   BANK1   BANK2   BANK3   BANK4   BANK5   BANK6   BANK7
      Params:         8       0       0       0       0       0       0       0       0
      Locals:         6       0       0       0       0       0       0       0       0
      Temps:          0       0       0       0       0       0       0       0       0
      Totals:        14       0       0       0       0       0       0       0       0
Total ram usage:       14 bytes
 Hardware stack levels used:    1
 This function calls:
		Nothing
 This function is called by:
		_USART_Init
 This function uses a non-reentrant model


 *************** function _LCD_init *****************
 Defined at:
		line 124 in file "lcd.c"
 Parameters:    Size  Location     Type
		None
 Auto vars:     Size  Location     Type
		None
 Return value:  Size  Location     Type
                  1    wreg      void 
 Registers used:
		wreg, status,2, cstack
 Tracked objects:
		On entry : 
		On exit  : 
		Unchanged: 
 Data sizes:     COMRAM   BANK0   BANK1   BANK2   BANK3   BANK4   BANK5   BANK6   BANK7
      Params:         0       0       0       0       0       0       0       0       0
      Locals:         0       0       0       0       0       0       0       0       0
      Temps:          1       0       0       0       0       0       0       0       0
      Totals:         1       0       0       0       0       0       0       0       0
Total ram usage:        1 bytes
 Hardware stack levels used:    1
 Hardware stack levels required when called:    2
 This function calls:
		_LCD_clear
		_LCD_command
 This function is called by:
		_main
 This function uses a non-reentrant model


 *************** function _LCD_clear *****************
 Defined at:
		line 197 in file "lcd.c"
 Parameters:    Size  Location     Type
		None
 Auto vars:     Size  Location     Type
		None
 Return value:  Size  Location     Type
                  1    wreg      void 
 Registers used:
		wreg, status,2, cstack
 Tracked objects:
		On entry : 
		On exit  : 
		Unchanged: 
 Data sizes:     COMRAM   BANK0   BANK1   BANK2   BANK3   BANK4   BANK5   BANK6   BANK7
      Params:         0       0       0       0       0       0       0       0       0
      Locals:         0       0       0       0       0       0       0       0       0
      Temps:          0       0       0       0       0       0       0       0       0
      Totals:         0       0       0       0       0       0       0       0       0
Total ram usage:        0 bytes
 Hardware stack levels used:    1
 Hardware stack levels required when called:    1
 This function calls:
		_LCD_command
 This function is called by:
		_LCD_init
		_read_time
		_main
 This function uses a non-reentrant model


 *************** function _LCD_command *****************
 Defined at:
		line 67 in file "lcd.c"
 Parameters:    Size  Location     Type
  cmd             1    wreg     unsigned char 
 Auto vars:     Size  Location     Type
  cmd             1    0[COMRAM] unsigned char 
 Return value:  Size  Location     Type
                  1    wreg      void 
 Registers used:
		wreg, status,2, cstack
 Tracked objects:
		On entry : 
		On exit  : 
		Unchanged: 
 Data sizes:     COMRAM   BANK0   BANK1   BANK2   BANK3   BANK4   BANK5   BANK6   BANK7
      Params:         0       0       0       0       0       0       0       0       0
      Locals:         1       0       0       0       0       0       0       0       0
      Temps:          0       0       0       0       0       0       0       0       0
      Totals:         1       0       0       0       0       0       0       0       0
Total ram usage:        1 bytes
 Hardware stack levels used:    1
 This function calls:
		Nothing
 This function is called by:
		_LCD_init
		_LCD_gotoxy
		_LCD_clear
		_LCD_definechar
 This function uses a non-reentrant model



MODULE INFORMATION

Module		Function		Class		Link	Load	Size
teclado.c
		_teclado_getc  		CODE           	0830	0000	543
		_teclado_init  		CODE           	12B4	0000	13

teclado.c estimated size: 556

C:\Program Files (x86)\Microchip\xc8\v2.10\pic\sources\c99\common\aldiv.c
		___aldiv       		CODE           	0C20	0000	269

C:\Program Files (x86)\Microchip\xc8\v2.10\pic\sources\c99\common\aldiv.c estimated size: 269

shared
		__initialization		CODE           	126C	0000	45

shared estimated size: 45

lcd.c
		_LCD_clear     		CODE           	12C8	0000	9
		_LCD_gotoxy    		CODE           	114E	0000	113
		_LCD_init      		CODE           	10B2	0000	157
		_LCD_command   		CODE           	0E30	0000	223
		_LCD_putc      		CODE           	0F0E	0000	215
		_LCD_puts      		CODE           	122E	0000	63

lcd.c estimated size: 780

USART_libreria.c
		_USART_Tx      		CODE           	12C0	0000	9
		_USART_Init    		CODE           	11BE	0000	113

USART_libreria.c estimated size: 122

main.c
		_main          		CODE           	0FE4	0000	207
		_read_time     		CODE           	0A4E	0000	467
		_TECLADO       		CODE           	0D2C	0000	261

main.c estimated size: 935

