Microchip MPLAB XC8 Compiler V2.10 ()

Linker command line:

-W-3 --edf=C:\Program Files (x86)\Microchip\xc8\v2.10\pic\dat\en_msgs.txt \
  -cs -h+dist/default/production\SemaforoSTL.X.production.sym \
  --cmf=dist/default/production\SemaforoSTL.X.production.cmf -z -Q18F4550 \
  -oC:\Users\USER\AppData\Local\Temp\sapc.2 --defsym=__MPLAB_BUILD=1 \
  -Mdist/default/production/SemaforoSTL.X.production.map -E1 -ver=XC8 \
  --acfsm=1493 -ASTACK=060h-07FFh -pstack=STACK -ACODE=00h-07FFFh \
  -ACONST=00h-07FFFh -ASMALLCONST=0800h-08FFhx120 \
  -AMEDIUMCONST=0800h-07FFFh -ACOMRAM=01h-05Fh -AABS1=00h-07FFh \
  -ABIGRAM=01h-07FFh -ARAM=060h-0FFh,0100h-01FFhx7 -ABANK0=060h-0FFh \
  -ABANK1=0100h-01FFh -ABANK2=0200h-02FFh -ABANK3=0300h-03FFh \
  -ABANK4=0400h-04FFh -ABANK5=0500h-05FFh -ABANK6=0600h-06FFh \
  -ABANK7=0700h-07FFh -ASFR=0F60h-0FFFh \
  -preset_vec=00h,intcode=08h,intcodelo,powerup,init -pramtop=0800h \
  -psmallconst=SMALLCONST -pmediumconst=MEDIUMCONST -pconst=CONST \
  -AFARRAM=00h-00h -ACONFIG=0300000h-030000Dh -pconfig=CONFIG \
  -AIDLOC=0200000h-0200007h -pidloc=IDLOC -AEEDATA=0F00000h-0F000FFh \
  -peeprom_data=EEDATA \
  -prdata=COMRAM,nvrram=COMRAM,nvbit=COMRAM,rbss=COMRAM,rbit=COMRAM \
  -pfarbss=FARRAM,fardata=FARRAM,nvFARRAM=FARRAM \
  -pintsave_regs=BIGRAM,bigbss=BIGRAM,bigdata=BIGRAM -pbss=RAM \
  -pidata=CODE,irdata=CODE,ibigdata=CODE,ifardata=CODE -prparam=COMRAM \
  C:\Users\USER\AppData\Local\Temp\sapc.o \
  dist/default/production\SemaforoSTL.X.production.o 

Object code version is 3.11

Machine type is 18F4550

Call graph: (short form)




                Name                               Link     Load   Length Selector   Space Scale
C:\Users\USER\AppData\Local\Temp\sapc.o
                init                                  E        E        4        4       0
                reset_vec                             0        0        4        0       0
                idloc                            200000   200000        8   200000       0
                config                           300000   300000        E   300000       0
dist/default/production\SemaforoSTL.X.production.o
                intcode                               8        8        6        4       0
                temp                                 50       50        1        1       1
                text4                                12       12      2A6        4       0
                intcode_body                        49E      49E       14        4       0
                text2                               3F0      3F0       50        4       0
                text1                               392      392       5E        4       0
                text0                               2B8      2B8       DA        4       0
                cstackCOMRAM                         25       25       24        1       1
                dataCOMRAM                            1        1       24        1       1
                bssCOMRAM                            49       49        7        1       1
                cinit                               440      440       3A        4       0
                idataCOMRAM                         47A      47A       24        4       0

TOTAL           Name                               Link     Load   Length     Space
        CLASS   STACK          

        CLASS   CODE           
                intcode                               8        8        6         0
                init                                  E        E        4         0
                reset_vec                             0        0        4         0
                text4                                12       12      2A6         0
                intcode_body                        49E      49E       14         0
                text2                               3F0      3F0       50         0
                text1                               392      392       5E         0
                text0                               2B8      2B8       DA         0
                cinit                               440      440       3A         0
                idataCOMRAM                         47A      47A       24         0

        CLASS   CONST          

        CLASS   SMALLCONST     

        CLASS   MEDIUMCONST    

        CLASS   COMRAM         
                temp                                 50       50        1         1
                cstackCOMRAM                         25       25       24         1
                dataCOMRAM                            1        1       24         1
                bssCOMRAM                            49       49        7         1

        CLASS   ABS1           

        CLASS   BIGRAM         

        CLASS   RAM            

        CLASS   BANK0          

        CLASS   BANK1          

        CLASS   BANK2          

        CLASS   BANK3          

        CLASS   BANK4          

        CLASS   BANK5          

        CLASS   BANK6          

        CLASS   BANK7          

        CLASS   SFR            

        CLASS   FARRAM         

        CLASS   CONFIG         
                config                           300000   300000        E         0

        CLASS   IDLOC          
                idloc                            200000   200000        8         0

        CLASS   EEDATA         



SEGMENTS        Name                           Load    Length   Top    Selector   Space  Class

                reset_vec                      000000  000004  000004         0       0  CODE    
                dataCOMRAM                     000001  000050  000051         1       1  COMRAM  
                intcode                        000008  0004AA  0004B2         4       0  CODE    
                idloc                          200000  000008  200008    200000       0  IDLOC   
                config                         300000  00000E  30000E    300000       0  CONFIG  


UNUSED ADDRESS RANGES

        Name                Unused          Largest block    Delta
        BANK0            000060-0000FF               A0
        BANK1            000100-0001FF              100
        BANK2            000200-0002FF              100
        BANK3            000300-0003FF              100
        BANK4            000400-0004FF              100
        BANK5            000500-0005FF              100
        BANK6            000600-0006FF              100
        BANK7            000700-0007FF              100
        BIGRAM           000051-0007FF              7AF
        CODE             000004-000007                4
                         0004B2-007FFF             7B4E
        COMRAM           000051-00005F                F
        CONST            000004-000007                4
                         0004B2-007FFF             7B4E
        EEDATA           F00000-F000FF              100
        MEDIUMCONST      000800-007FFF             7800
        RAM              000060-0007FF              100
        SFR              000F60-000FFF               A0
        SMALLCONST       000800-007FFF              100
        STACK            000060-0007FF              7A0

                                  Symbol Table

_ADCON1                      (abs)        000FC1
_GIE                         (abs)        007F97
_PEIE                        (abs)        007F96
_PORTAbits                   (abs)        000F80
_PORTC                       (abs)        000F82
_PORTD                       (abs)        000F83
_PORTEbits                   (abs)        000F84
_T0CONbits                   (abs)        000FD5
_TMR0H                       (abs)        000FD7
_TMR0IE                      (abs)        007F95
_TMR0IF                      (abs)        007F92
_TMR0L                       (abs)        000FD6
_TRISA                       (abs)        000F92
_TRISAbits                   (abs)        000F92
_TRISC                       (abs)        000F94
_TRISD                       (abs)        000F95
_TRISE                       (abs)        000F96
__CFG_BOR$OFF                (abs)        000000
__CFG_BORV$3                 (abs)        000000
__CFG_CCP2MX$ON              (abs)        000000
__CFG_CP0$OFF                (abs)        000000
__CFG_CP1$OFF                (abs)        000000
__CFG_CP2$OFF                (abs)        000000
__CFG_CP3$OFF                (abs)        000000
__CFG_CPB$OFF                (abs)        000000
__CFG_CPD$OFF                (abs)        000000
__CFG_CPUDIV$OSC1_PLL2       (abs)        000000
__CFG_EBTR0$OFF              (abs)        000000
__CFG_EBTR1$OFF              (abs)        000000
__CFG_EBTR2$OFF              (abs)        000000
__CFG_EBTR3$OFF              (abs)        000000
__CFG_EBTRB$OFF              (abs)        000000
__CFG_FCMEN$OFF              (abs)        000000
__CFG_FOSC$XT_XT             (abs)        000000
__CFG_ICPRT$OFF              (abs)        000000
__CFG_IESO$OFF               (abs)        000000
__CFG_LPT1OSC$OFF            (abs)        000000
__CFG_LVP$OFF                (abs)        000000
__CFG_MCLRE$ON               (abs)        000000
__CFG_PBADEN$OFF             (abs)        000000
__CFG_PLLDIV$1               (abs)        000000
__CFG_PWRT$ON                (abs)        000000
__CFG_STVREN$ON              (abs)        000000
__CFG_USBDIV$1               (abs)        000000
__CFG_VREGEN$OFF             (abs)        000000
__CFG_WDT$OFF                (abs)        000000
__CFG_WDTPS$32768            (abs)        000000
__CFG_WRT0$OFF               (abs)        000000
__CFG_WRT1$OFF               (abs)        000000
__CFG_WRT2$OFF               (abs)        000000
__CFG_WRT3$OFF               (abs)        000000
__CFG_WRTB$OFF               (abs)        000000
__CFG_WRTC$OFF               (abs)        000000
__CFG_WRTD$OFF               (abs)        000000
__CFG_XINST$OFF              (abs)        000000
__HRAM                       (abs)        000000
__Habs1                      abs1         000000
__Hbank0                     bank0        000000
__Hbank1                     bank1        000000
__Hbank2                     bank2        000000
__Hbank3                     bank3        000000
__Hbank4                     bank4        000000
__Hbank5                     bank5        000000
__Hbank6                     bank6        000000
__Hbank7                     bank7        000000
__Hbigbss                    bigbss       000000
__Hbigdata                   bigdata      000000
__Hbigram                    bigram       000000
__Hbss                       bss          000000
__HbssCOMRAM                 bssCOMRAM    000000
__Hcinit                     cinit        000000
__Hclrtext                   clrtext      000000
__Hcomram                    comram       000000
__Hconfig                    config       30000E
__Hconst                     const        000000
__HcstackCOMRAM              cstackCOMRAM 000000
__Hdata                      data         000000
__HdataCOMRAM                dataCOMRAM   000000
__Heeprom_data               eeprom_data  000000
__Hfarbss                    farbss       000000
__Hfardata                   fardata      000000
__Hibigdata                  ibigdata     000000
__Hidata                     idata        000000
__HidataCOMRAM               idataCOMRAM  000000
__Hidloc                     idloc        200008
__Hifardata                  ifardata     000000
__Hinit                      init         000012
__Hintcode                   intcode      00000E
__Hintcode_body              intcode_body 000000
__Hintcodelo                 intcodelo    00000E
__Hintentry                  intentry     000000
__Hintret                    intret       000000
__Hintsave_regs              intsave_regs 000000
__Hirdata                    irdata       000000
__Hmediumconst               mediumconst  000000
__HnvFARRAM                  nvFARRAM     000000
__Hnvbit                     nvbit        000000
__Hnvrram                    nvrram       000000
__Hparam                     rparam       000000
__Hpowerup                   powerup      00000E
__Hram                       ram          000000
__Hramtop                    ramtop       000800
__Hrbit                      rbit         000000
__Hrbss                      rbss         000000
__Hrdata                     rdata        000000
__Hreset_vec                 reset_vec    000004
__Hrparam                    rparam       000000
__Hsfr                       sfr          000000
__Hsmallconst                smallconst   000000
__Hspace_0                   (abs)        30000E
__Hspace_1                   (abs)        000051
__Hspace_2                   (abs)        000000
__Hstack                     stack        000000
__Hstruct                    struct       000000
__Htemp                      temp         000051
__Htext                      text         000000
__Htext0                     text0        000000
__Htext1                     text1        000000
__Htext2                     text2        000000
__Htext4                     text4        000000
__LRAM                       (abs)        000001
__Labs1                      abs1         000000
__Lbank0                     bank0        000000
__Lbank1                     bank1        000000
__Lbank2                     bank2        000000
__Lbank3                     bank3        000000
__Lbank4                     bank4        000000
__Lbank5                     bank5        000000
__Lbank6                     bank6        000000
__Lbank7                     bank7        000000
__Lbigbss                    bigbss       000000
__Lbigdata                   bigdata      000000
__Lbigram                    bigram       000000
__Lbss                       bss          000000
__LbssCOMRAM                 bssCOMRAM    000000
__Lcinit                     cinit        000000
__Lclrtext                   clrtext      000000
__Lcomram                    comram       000000
__Lconfig                    config       300000
__Lconst                     const        000000
__LcstackCOMRAM              cstackCOMRAM 000000
__Ldata                      data         000000
__LdataCOMRAM                dataCOMRAM   000000
__Leeprom_data               eeprom_data  000000
__Lfarbss                    farbss       000000
__Lfardata                   fardata      000000
__Libigdata                  ibigdata     000000
__Lidata                     idata        000000
__LidataCOMRAM               idataCOMRAM  000000
__Lidloc                     idloc        200000
__Lifardata                  ifardata     000000
__Linit                      init         00000E
__Lintcode                   intcode      000008
__Lintcode_body              intcode_body 000000
__Lintcodelo                 intcodelo    00000E
__Lintentry                  intentry     000000
__Lintret                    intret       000000
__Lintsave_regs              intsave_regs 000000
__Lirdata                    irdata       000000
__Lmediumconst               mediumconst  000000
__LnvFARRAM                  nvFARRAM     000000
__Lnvbit                     nvbit        000000
__Lnvrram                    nvrram       000000
__Lparam                     rparam       000000
__Lpowerup                   powerup      00000E
__Lram                       ram          000000
__Lramtop                    ramtop       000800
__Lrbit                      rbit         000000
__Lrbss                      rbss         000000
__Lrdata                     rdata        000000
__Lreset_vec                 reset_vec    000000
__Lrparam                    rparam       000000
__Lsfr                       sfr          000000
__Lsmallconst                smallconst   000000
__Lspace_0                   (abs)        000000
__Lspace_1                   (abs)        000000
__Lspace_2                   (abs)        000000
__Lstack                     stack        000000
__Lstruct                    struct       000000
__Ltemp                      temp         000050
__Ltext                      text         000000
__Ltext0                     text0        000000
__Ltext1                     text1        000000
__Ltext2                     text2        000000
__Ltext4                     text4        000000
__S0                         (abs)        30000E
__S1                         (abs)        000051
__S2                         (abs)        000000
___inthi_sp                  stack        000000
___intlo_sp                  stack        000000
___param_bank                (abs)        000000
___rparam_used               (abs)        000001
___sp                        stack        000000
__accesstop                  (abs)        000060
__activetblptr               (abs)        000002
__end_of__initialization     cinit        00046C
__end_of_main                text0        000392
__end_of_myTMR0_CONF         text2        000440
__end_of_seven               text1        0003F0
__end_of_tmr0                intcode_body 0004B2
__end_of_validar_estados     text4        0002B8
__initialization             cinit        000440
__mediumconst                mediumconst  000000
__pbssCOMRAM                 bssCOMRAM    000049
__pcinit                     cinit        000440
__pcstackCOMRAM              cstackCOMRAM 000025
__pdataCOMRAM                dataCOMRAM   000001
__pidataCOMRAM               idataCOMRAM  00047A
__pintcode                   intcode      000008
__pintcode_body              intcode_body 00049E
__ptext0                     text0        0002B8
__ptext1                     text1        000392
__ptext2                     text2        0003F0
__ptext4                     text4        000012
__ramtop                     ramtop       000800
__size_of_main               (abs)        000000
__size_of_myTMR0_CONF        (abs)        000000
__size_of_seven              (abs)        000000
__size_of_tmr0               (abs)        000000
__size_of_validar_estados    (abs)        000000
__smallconst                 smallconst   000000
_estados                     bssCOMRAM    00004F
_main                        text0        0002B8
_myTMR0_CONF                 text2        0003F0
_seven                       text1        000392
_t_a                         dataCOMRAM   000021
_t_ra                        dataCOMRAM   000023
_t_v                         dataCOMRAM   00001F
_time1                       bssCOMRAM    00004D
_time2                       bssCOMRAM    00004B
_time3                       bssCOMRAM    000049
_tmr0                        intcode      000008
_validar_estados             text4        000012
btemp                        temp         000050
end_of_initialization        cinit        00046C
int$flags                    temp         000050
int_func                     intcode_body 00049E
intlevel0                    text         000000
intlevel1                    text         000000
intlevel2                    text         000000
intlevel3                    text         000000
myTMR0_CONF@ON_OFF           cstackCOMRAM 00002B
myTMR0_CONF@flanco           cstackCOMRAM 000028
myTMR0_CONF@modo             cstackCOMRAM 00002C
myTMR0_CONF@n_bits           cstackCOMRAM 000027
myTMR0_CONF@preesc_E         cstackCOMRAM 000029
myTMR0_CONF@valor_preescaler cstackCOMRAM 00002A
seven@F3496                  dataCOMRAM   000001
seven@F3498                  dataCOMRAM   000015
seven@deco                   cstackCOMRAM 00002B
seven@numero                 cstackCOMRAM 000027
seven@pos                    cstackCOMRAM 00003F
seven@posicion               cstackCOMRAM 000029
stackhi                      (abs)        0007FF
stacklo                      (abs)        000060
start                        init         00000E
start_initialization         cinit        000440
ttemp5                       temp         000051
ttemp6                       temp         000054
ttemp7                       temp         000058
wtemp8                       temp         000051


FUNCTION INFORMATION:

 *************** function _main *****************
 Defined at:
		line 203 in file "main.c"
 Parameters:    Size  Location     Type
		None
 Auto vars:     Size  Location     Type
		None
 Return value:  Size  Location     Type
                  1    wreg      void 
 Registers used:
		wreg, fsr1l, fsr1h, fsr2l, fsr2h, status,2, status,0, cstack
 Tracked objects:
		On entry : 
		On exit  : 
		Unchanged: 
 Data sizes:     COMRAM   BANK0   BANK1   BANK2   BANK3   BANK4   BANK5   BANK6   BANK7
      Params:         0       0       0       0       0       0       0       0       0
      Locals:         0       0       0       0       0       0       0       0       0
      Temps:          0       0       0       0       0       0       0       0       0
      Totals:         0       0       0       0       0       0       0       0       0
Total ram usage:        0 bytes
 Hardware stack levels required when called:    3
 This function calls:
		_myTMR0_CONF
		_seven
 This function is called by:
		Startup code after reset
 This function uses a non-reentrant model


 *************** function _seven *****************
 Defined at:
		line 163 in file "main.c"
 Parameters:    Size  Location     Type
  numero          2    2[COMRAM] int 
  posicion        2    4[COMRAM] int 
 Auto vars:     Size  Location     Type
  deco           20    6[COMRAM] int [10]
  pos            10   26[COMRAM] int [5]
 Return value:  Size  Location     Type
                  1    wreg      void 
 Registers used:
		wreg, fsr1l, fsr1h, fsr2l, fsr2h, status,2, status,0
 Tracked objects:
		On entry : 
		On exit  : 
		Unchanged: 
 Data sizes:     COMRAM   BANK0   BANK1   BANK2   BANK3   BANK4   BANK5   BANK6   BANK7
      Params:         4       0       0       0       0       0       0       0       0
      Locals:        30       0       0       0       0       0       0       0       0
      Temps:          0       0       0       0       0       0       0       0       0
      Totals:        34       0       0       0       0       0       0       0       0
Total ram usage:       34 bytes
 Hardware stack levels used:    1
 Hardware stack levels required when called:    2
 This function calls:
		Nothing
 This function is called by:
		_main
 This function uses a non-reentrant model


 *************** function _myTMR0_CONF *****************
 Defined at:
		line 30 in file "./TMR0.h"
 Parameters:    Size  Location     Type
  modo            1    wreg     unsigned char 
  n_bits          1    2[COMRAM] unsigned char 
  flanco          1    3[COMRAM] unsigned char 
  preesc_E        1    4[COMRAM] unsigned char 
  valor_preesc    1    5[COMRAM] unsigned char 
  ON_OFF          1    6[COMRAM] unsigned char 
 Auto vars:     Size  Location     Type
  modo            1    7[COMRAM] unsigned char 
 Return value:  Size  Location     Type
                  1    wreg      void 
 Registers used:
		wreg, status,2, status,0
 Tracked objects:
		On entry : 
		On exit  : 
		Unchanged: 
 Data sizes:     COMRAM   BANK0   BANK1   BANK2   BANK3   BANK4   BANK5   BANK6   BANK7
      Params:         5       0       0       0       0       0       0       0       0
      Locals:         1       0       0       0       0       0       0       0       0
      Temps:          0       0       0       0       0       0       0       0       0
      Totals:         6       0       0       0       0       0       0       0       0
Total ram usage:        6 bytes
 Hardware stack levels used:    1
 Hardware stack levels required when called:    2
 This function calls:
		Nothing
 This function is called by:
		_main
 This function uses a non-reentrant model


 *************** function _tmr0 *****************
 Defined at:
		line 193 in file "main.c"
 Parameters:    Size  Location     Type
		None
 Auto vars:     Size  Location     Type
		None
 Return value:  Size  Location     Type
                  1    wreg      void 
 Registers used:
		wreg, status,2, status,0, cstack
 Tracked objects:
		On entry : 
		On exit  : 
		Unchanged: 
 Data sizes:     COMRAM   BANK0   BANK1   BANK2   BANK3   BANK4   BANK5   BANK6   BANK7
      Params:         0       0       0       0       0       0       0       0       0
      Locals:         0       0       0       0       0       0       0       0       0
      Temps:          0       0       0       0       0       0       0       0       0
      Totals:         0       0       0       0       0       0       0       0       0
Total ram usage:        0 bytes
 Hardware stack levels used:    1
 Hardware stack levels required when called:    1
 This function calls:
		_validar_estados
 This function is called by:
		Interrupt level 2
 This function uses a non-reentrant model


 *************** function _validar_estados *****************
 Defined at:
		line 32 in file "main.c"
 Parameters:    Size  Location     Type
		None
 Auto vars:     Size  Location     Type
		None
 Return value:  Size  Location     Type
                  1    wreg      void 
 Registers used:
		wreg, status,2, status,0
 Tracked objects:
		On entry : 
		On exit  : 
		Unchanged: 
 Data sizes:     COMRAM   BANK0   BANK1   BANK2   BANK3   BANK4   BANK5   BANK6   BANK7
      Params:         0       0       0       0       0       0       0       0       0
      Locals:         0       0       0       0       0       0       0       0       0
      Temps:          2       0       0       0       0       0       0       0       0
      Totals:         2       0       0       0       0       0       0       0       0
Total ram usage:        2 bytes
 Hardware stack levels used:    1
 This function calls:
		Nothing
 This function is called by:
		_tmr0
 This function uses a non-reentrant model



MODULE INFORMATION

Module		Function		Class		Link	Load	Size
shared
		__initialization		CODE           	0440	0000	45

shared estimated size: 45

./TMR0.h
		_myTMR0_CONF   		CODE           	03F0	0000	81

./TMR0.h estimated size: 81

main.c
		_seven         		CODE           	0392	0000	95
		_main          		CODE           	02B8	0000	219
		_validar_estados		CODE           	0012	0000	679
		_tmr0          		CODE           	0008	0000	27

main.c estimated size: 1020

